0
0
0
State 0: play 0
( 0 0 ) -> state 1
( 0 1 ) -> state 1
( 1 0 ) -> state 0
( 1 1 ) -> state 0
State 1: play 1
( 0 0 ) -> state 1
( 0 1 ) -> state 0
( 1 0 ) -> state 1
( 1 1 ) -> state 0

1.3125
1
5
